../Core/Src/SSD1306.c:56:16:platform_write	32	static
../Core/Src/SSD1306.c:62:16:platform_write_dma	24	static
../Core/Src/SSD1306.c:68:13:SSD1306_send_com	16	static
../Core/Src/SSD1306.c:73:6:SSD1306_init	16	static
../Core/Src/SSD1306.c:156:6:SSD1306_draw_pixel	24	static
../Core/Src/SSD1306.c:199:6:SSD1306_display_clear	8	static
../Core/Src/SSD1306.c:220:6:SSD1306_draw_fast_hline	32	static
../Core/Src/SSD1306.c:258:6:SSD1306_draw_fast_hline_internal	32	static
../Core/Src/SSD1306.c:320:6:SSD1306_draw_fast_vline	32	static
../Core/Src/SSD1306.c:357:6:SSD1306_draw_fast_vline_internal	40	static
../Core/Src/SSD1306.c:485:6:SSD1306_get_pixel	16	static
../Core/Src/SSD1306.c:516:10:SSD1306_get_buffer	8	static
../Core/Src/SSD1306.c:528:6:SSD1306_display_repaint	16	static
../Core/Src/SSD1306.c:552:6:SSD1306_start_scroll_right	16	static
../Core/Src/SSD1306.c:575:6:SSD1306_start_scroll_left	16	static
../Core/Src/SSD1306.c:598:6:SSD1306_start_scroll_diagright	16	static
../Core/Src/SSD1306.c:624:6:SSD1306_start_scroll_diagleft	16	static
../Core/Src/SSD1306.c:645:6:SSD1306_stop_scroll	8	static
../Core/Src/SSD1306.c:663:6:SSD1306_display_invert	16	static
../Core/Src/SSD1306.c:676:6:SSD1306_set_contrast	16	static
../Core/Src/SSD1306.c:686:6:SSD1306_set_rotation	16	static
../Core/Src/SSD1306.c:691:9:SSD1306_get_rotation	8	static
